// Jest Snapshot v1, https://goo.gl/fbAQLP

exports[`L2_NovaRegistry claimInputTokens allows claiming input tokens for a reverted request 1`] = `66178`;

exports[`L2_NovaRegistry claimInputTokens allows claiming input tokens for an executed request 1`] = `66178`;

exports[`L2_NovaRegistry execCompleted allows completing a request that overflows gas usage 1`] = `94488`;

exports[`L2_NovaRegistry execCompleted allows completing a request with input tokens 1`] = `97286`;

exports[`L2_NovaRegistry execCompleted allows completing a resubmitted request 1`] = `101669`;

exports[`L2_NovaRegistry execCompleted allows completing a reverted request with input tokens 1`] = `97268`;

exports[`L2_NovaRegistry execCompleted allows completing a simple request 1`] = `114374`;

exports[`L2_NovaRegistry execCompleted allows completing an uncled request before it dies 1`] = `95118`;

exports[`L2_NovaRegistry relockTokens allows relocking tokens 1`] = `34534`;

exports[`L2_NovaRegistry requestExec allows a simple request with 2 input tokens 1`] = `338636`;

exports[`L2_NovaRegistry requestExec allows making a simple request 1`] = `244941`;

exports[`L2_NovaRegistry requestExec allows making a simple request with one input token 1`] = `285631`;

exports[`L2_NovaRegistry requestExecWithTimeout should allow a simple request with minimum timeout 1`] = `178521`;

exports[`L2_NovaRegistry speedUpRequest allows speeding up a request scheduled to unlock after switch 1`] = `255233`;

exports[`L2_NovaRegistry speedUpRequest allows speeding up a simple request 1`] = `255246`;

exports[`L2_NovaRegistry unlockTokens allows unlocking a valid request 1`] = `57067`;

exports[`L2_NovaRegistry unlockTokens allows unlocking a valid request with input tokens 1`] = `57067`;

exports[`L2_NovaRegistry withdrawTokens allows withdrawing from a request with input tokens 1`] = `103459`;

exports[`L2_NovaRegistry withdrawTokens allows withdrawing tokens from a simple request 1`] = `84912`;
